Archive member included to satisfy reference by file (symbol)

/usr/lib/gcc/arm-none-eabi/9.2.1/libgcc.a(_udivsi3.o)
                              obj/bsp/clock_8xx.o (__aeabi_uidiv)
/usr/lib/gcc/arm-none-eabi/9.2.1/libgcc.a(_dvmd_tls.o)
                              /usr/lib/gcc/arm-none-eabi/9.2.1/libgcc.a(_udivsi3.o) (__aeabi_idiv0)
/usr/lib/gcc/arm-none-eabi/9.2.1/libgcc.a(_aeabi_uldivmod.o)
                              obj/bsp/clock_8xx.o (__aeabi_uldivmod)
/usr/lib/gcc/arm-none-eabi/9.2.1/libgcc.a(_udivmoddi4.o)
                              /usr/lib/gcc/arm-none-eabi/9.2.1/libgcc.a(_aeabi_uldivmod.o) (__udivmoddi4)
/usr/lib/gcc/arm-none-eabi/9.2.1/libgcc.a(_clzdi2.o)
                              /usr/lib/gcc/arm-none-eabi/9.2.1/libgcc.a(_udivmoddi4.o) (__clzdi2)
/usr/lib/gcc/arm-none-eabi/9.2.1/libgcc.a(_clzsi2.o)
                              /usr/lib/gcc/arm-none-eabi/9.2.1/libgcc.a(_clzdi2.o) (__clzsi2)

Allocating common symbols
Common symbol       size              file

SystemCoreClock     0x4               obj/bsp/chip_8xx.o

Discarded input sections

 .data          0x0000000000000000        0x0 obj/startup.o
 .bss           0x0000000000000000        0x0 obj/startup.o
 .data          0x0000000000000000        0x0 obj/system.o
 .bss           0x0000000000000000        0x0 obj/system.o
 .data          0x0000000000000000        0x0 obj/main.o
 .bss           0x0000000000000000        0x0 obj/main.o
 .text          0x0000000000000000      0x164 obj/device.o
 .data          0x0000000000000000        0x0 obj/device.o
 .bss           0x0000000000000000        0x0 obj/device.o
 .rodata        0x0000000000000000       0x3c obj/device.o
 .comment       0x0000000000000000       0x5a obj/device.o
 .ARM.attributes
                0x0000000000000000       0x2c obj/device.o
 .bss           0x0000000000000000        0x0 obj/target.o
 .text          0x0000000000000000       0x18 obj/bsp/chip_8xx.o
 .data          0x0000000000000000        0x0 obj/bsp/chip_8xx.o
 .bss           0x0000000000000000        0x0 obj/bsp/chip_8xx.o
 .comment       0x0000000000000000       0x5a obj/bsp/chip_8xx.o
 .ARM.attributes
                0x0000000000000000       0x2c obj/bsp/chip_8xx.o
 COMMON         0x0000000000000000        0x4 obj/bsp/chip_8xx.o
 .data          0x0000000000000000        0x0 obj/bsp/clock_8xx.o
 .bss           0x0000000000000000        0x0 obj/bsp/clock_8xx.o
 .text          0x0000000000000000       0xa0 obj/bsp/gpio_8xx.o
 .data          0x0000000000000000        0x0 obj/bsp/gpio_8xx.o
 .bss           0x0000000000000000        0x0 obj/bsp/gpio_8xx.o
 .comment       0x0000000000000000       0x5a obj/bsp/gpio_8xx.o
 .ARM.attributes
                0x0000000000000000       0x2c obj/bsp/gpio_8xx.o
 .data          0x0000000000000000        0x0 obj/bsp/irc_8xx.o
 .text          0x0000000000000000       0xf0 obj/bsp/pinint_8xx.o
 .data          0x0000000000000000        0x0 obj/bsp/pinint_8xx.o
 .bss           0x0000000000000000        0x0 obj/bsp/pinint_8xx.o
 .comment       0x0000000000000000       0x5a obj/bsp/pinint_8xx.o
 .ARM.attributes
                0x0000000000000000       0x2c obj/bsp/pinint_8xx.o
 .data          0x0000000000000000        0x0 obj/bsp/syscon_8xx.o
 .bss           0x0000000000000000        0x0 obj/bsp/syscon_8xx.o
 .data          0x0000000000000000        0x0 /usr/lib/gcc/arm-none-eabi/9.2.1/libgcc.a(_udivsi3.o)
 .bss           0x0000000000000000        0x0 /usr/lib/gcc/arm-none-eabi/9.2.1/libgcc.a(_udivsi3.o)
 .data          0x0000000000000000        0x0 /usr/lib/gcc/arm-none-eabi/9.2.1/libgcc.a(_dvmd_tls.o)
 .bss           0x0000000000000000        0x0 /usr/lib/gcc/arm-none-eabi/9.2.1/libgcc.a(_dvmd_tls.o)
 .data          0x0000000000000000        0x0 /usr/lib/gcc/arm-none-eabi/9.2.1/libgcc.a(_aeabi_uldivmod.o)
 .bss           0x0000000000000000        0x0 /usr/lib/gcc/arm-none-eabi/9.2.1/libgcc.a(_aeabi_uldivmod.o)
 .data          0x0000000000000000        0x0 /usr/lib/gcc/arm-none-eabi/9.2.1/libgcc.a(_udivmoddi4.o)
 .bss           0x0000000000000000        0x0 /usr/lib/gcc/arm-none-eabi/9.2.1/libgcc.a(_udivmoddi4.o)
 .ARM.extab     0x0000000000000000        0x0 /usr/lib/gcc/arm-none-eabi/9.2.1/libgcc.a(_udivmoddi4.o)
 .data          0x0000000000000000        0x0 /usr/lib/gcc/arm-none-eabi/9.2.1/libgcc.a(_clzdi2.o)
 .bss           0x0000000000000000        0x0 /usr/lib/gcc/arm-none-eabi/9.2.1/libgcc.a(_clzdi2.o)
 .data          0x0000000000000000        0x0 /usr/lib/gcc/arm-none-eabi/9.2.1/libgcc.a(_clzsi2.o)
 .bss           0x0000000000000000        0x0 /usr/lib/gcc/arm-none-eabi/9.2.1/libgcc.a(_clzsi2.o)

Memory Configuration

Name             Origin             Length             Attributes
rom              0x0000000000000000 0x0000000000004000 xr
ram              0x0000000010000000 0x0000000000001000 xrw
*default*        0x0000000000000000 0xffffffffffffffff

Linker script and memory map

LOAD obj/startup.o
LOAD obj/system.o
LOAD obj/main.o
LOAD obj/device.o
LOAD obj/target.o
LOAD obj/bsp/chip_8xx.o
LOAD obj/bsp/clock_8xx.o
LOAD obj/bsp/gpio_8xx.o
LOAD obj/bsp/irc_8xx.o
LOAD obj/bsp/pinint_8xx.o
LOAD obj/bsp/syscon_8xx.o
START GROUP
LOAD /usr/lib/gcc/arm-none-eabi/9.2.1/libgcc.a
LOAD /usr/lib/gcc/arm-none-eabi/9.2.1/../../../arm-none-eabi/lib/libc.a
END GROUP

.text           0x0000000000000000     0x13da
 *(.isr_vector)
 .isr_vector    0x0000000000000000       0xc0 obj/startup.o
                0x0000000000000000                g_pfnVectors
 *(.text*)
 .text          0x00000000000000c0       0x88 obj/startup.o
                0x0000000000000124                CMP_IRQHandler
                0x0000000000000124                PININT7_IRQHandler
                0x0000000000000124                WKT_IRQHandler
                0x0000000000000124                PININT2_IRQHandler
                0x0000000000000124                PININT1_IRQHandler
                0x0000000000000124                MRT_IRQHandler
                0x0000000000000124                UART1_IRQHandler
                0x0000000000000124                UART0_IRQHandler
                0x0000000000000124                SPI1_IRQHandler
                0x0000000000000124                PININT3_IRQHandler
                0x0000000000000124                UART2_IRQHandler
                0x0000000000000124                PININT5_IRQHandler
                0x0000000000000124                PININT4_IRQHandler
                0x0000000000000124                BOD_IRQHandler
                0x0000000000000124                SCT_IRQHandler
                0x0000000000000124                I2C_IRQHandler
                0x0000000000000124                WDT_IRQHandler
                0x0000000000000124                PININT6_IRQHandler
                0x0000000000000124                SPI0_IRQHandler
                0x000000000000012a                NMI_Handler
                0x0000000000000130                HardFault_Handler
                0x0000000000000136                SVC_Handler
                0x000000000000013c                PendSV_Handler
                0x0000000000000142                SysTick_Handler
 .text          0x0000000000000148       0x20 obj/system.o
                0x0000000000000148                SystemInit
 .text          0x0000000000000168        0x6 obj/main.o
                0x0000000000000168                main
 *fill*         0x000000000000016e        0x2 
 .text          0x0000000000000170      0x2e4 obj/target.o
                0x00000000000002d8                target_init
                0x00000000000003b8                target_led_set_state
                0x0000000000000400                target_reset_set_state
                0x000000000000042c                target_reset
                0x000000000000043c                target_unreset
                0x000000000000044c                PININT0_IRQHandler
 .text          0x0000000000000454      0x570 obj/bsp/clock_8xx.o
                0x0000000000000636                Chip_Clock_SetSystemPLLSource
                0x0000000000000664                Chip_Clock_SetPLLBypass
                0x00000000000006ac                Chip_Clock_SetMainClockSource
                0x00000000000006d8                Chip_Clock_SetCLKOUTSource
                0x0000000000000714                Chip_Clock_GetWDTOSCRate
                0x0000000000000734                Chip_Clock_GetSystemPLLInClockRate
                0x0000000000000788                Chip_Clock_GetSystemPLLOutClockRate
                0x00000000000007b0                Chip_Clock_GetMainClockRate
                0x0000000000000814                Chip_Clock_GetSystemClockRate
                0x0000000000000838                Chip_Clock_GetUSARTNBaseClockRate
                0x00000000000008ba                Chip_Clock_SetUSARTNBaseClockRate
                0x000000000000093c                Chip_Clock_GetIOCONCLKDIVClockRate
                0x0000000000000988                Chip_Clock_SetIOCONCLKDIV
 .text          0x00000000000009c4      0x29c obj/bsp/irc_8xx.o
                0x0000000000000adc                Chip_IRC_SetFreq
                0x0000000000000bcc                Chip_IRC_SetFreq_ROM
 .text          0x0000000000000c60       0xe8 obj/bsp/syscon_8xx.o
                0x0000000000000c60                Chip_SYSCTL_SetDeepSleepPD
                0x0000000000000c8c                Chip_SYSCTL_SetWakeup
                0x0000000000000cbc                Chip_SYSCTL_PowerDown
                0x0000000000000d00                Chip_SYSCTL_PowerUp
 .text          0x0000000000000d48      0x114 /usr/lib/gcc/arm-none-eabi/9.2.1/libgcc.a(_udivsi3.o)
                0x0000000000000d48                __udivsi3
                0x0000000000000d48                __aeabi_uidiv
                0x0000000000000e3c                __aeabi_uidivmod
 .text          0x0000000000000e5c        0x4 /usr/lib/gcc/arm-none-eabi/9.2.1/libgcc.a(_dvmd_tls.o)
                0x0000000000000e5c                __aeabi_ldiv0
                0x0000000000000e5c                __aeabi_idiv0
 .text          0x0000000000000e60       0x3c /usr/lib/gcc/arm-none-eabi/9.2.1/libgcc.a(_aeabi_uldivmod.o)
                0x0000000000000e60                __aeabi_uldivmod
 .text          0x0000000000000e9c      0x130 /usr/lib/gcc/arm-none-eabi/9.2.1/libgcc.a(_udivmoddi4.o)
                0x0000000000000e9c                __udivmoddi4
 .text          0x0000000000000fcc       0x28 /usr/lib/gcc/arm-none-eabi/9.2.1/libgcc.a(_clzdi2.o)
                0x0000000000000fcc                __clzdi2
 .text          0x0000000000000ff4       0x48 /usr/lib/gcc/arm-none-eabi/9.2.1/libgcc.a(_clzsi2.o)
                0x0000000000000ff4                __clzsi2
 *(.init)
 *(.fini)
 *crtbegin.o(.ctors)
 *crtbegin?.o(.ctors)
 *(EXCLUDE_FILE(*crtend.o *crtend?.o) .ctors)
 *(SORT_BY_NAME(.ctors.*))
 *(.ctors)
 *crtbegin.o(.dtors)
 *crtbegin?.o(.dtors)
 *(EXCLUDE_FILE(*crtend.o *crtend?.o) .dtors)
 *(SORT_BY_NAME(.dtors.*))
 *(.dtors)
 *(.rodata*)
 .rodata        0x000000000000103c        0x8 obj/system.o
                0x000000000000103c                OscRateIn
                0x0000000000001040                ExtRateIn
 .rodata        0x0000000000001044       0x40 obj/bsp/clock_8xx.o
 .rodata        0x0000000000001084      0x356 obj/bsp/irc_8xx.o
 *(.eh_fram e*)

.glue_7         0x00000000000013dc        0x0
 .glue_7        0x00000000000013dc        0x0 linker stubs

.glue_7t        0x00000000000013dc        0x0
 .glue_7t       0x00000000000013dc        0x0 linker stubs

.vfp11_veneer   0x00000000000013dc        0x0
 .vfp11_veneer  0x00000000000013dc        0x0 linker stubs

.v4_bx          0x00000000000013dc        0x0
 .v4_bx         0x00000000000013dc        0x0 linker stubs

.iplt           0x00000000000013dc        0x0
 .iplt          0x00000000000013dc        0x0 obj/startup.o

.ARM.extab
 *(.ARM.extab* .gnu.linkonce.armextab.*)

.ARM.exidx      0x00000000000013dc        0x8
 *(.ARM.exidx* .gnu.linkonce.armexidx.*)
 .ARM.exidx     0x00000000000013dc        0x8 /usr/lib/gcc/arm-none-eabi/9.2.1/libgcc.a(_udivmoddi4.o)

.rel.dyn        0x00000000000013e4        0x0
 .rel.iplt      0x00000000000013e4        0x0 obj/startup.o
                0x00000000000013e4                . = ALIGN (0x4)
                0x00000000000013e4                _etext = .
                0x00000000000013e4                _sidata = _etext

.data           0x0000000010000000       0x20 load address 0x00000000000013e4
                0x0000000010000000                _sdata = .
 *(vtable)
 *(.data*)
 .data          0x0000000010000000       0x20 obj/target.o
                0x0000000010000020                . = ALIGN (0x4)
                [!provide]                        PROVIDE (__preinit_array_start = .)
 *(.preinit_array)
                [!provide]                        PROVIDE (__preinit_array_end = .)
                0x0000000010000020                . = ALIGN (0x4)
                [!provide]                        PROVIDE (__init_array_start = .)
 *(SORT_BY_NAME(.init_array.*))
 *(.init_array)
                [!provide]                        PROVIDE (__init_array_end = .)
                0x0000000010000020                . = ALIGN (0x4)
                [!provide]                        PROVIDE (__fini_array_start = .)
 *(SORT_BY_NAME(.fini_array.*))
 *(.fini_array)
                [!provide]                        PROVIDE (__fini_array_end = .)
 *(.jcr*)
                0x0000000010000020                . = ALIGN (0x4)
                0x0000000010000020                _edata = .

.igot.plt       0x0000000010000020        0x0 load address 0x0000000000001404
 .igot.plt      0x0000000010000020        0x0 obj/startup.o

.bss            0x0000000010000020        0x4 load address 0x0000000000001404
                0x0000000010000020                . = ALIGN (0x4)
                0x0000000010000020                _sbss = .
 *(.bss*)
 .bss           0x0000000010000020        0x2 obj/bsp/irc_8xx.o
 *(COMMON)
                0x0000000010000024                . = ALIGN (0x4)
 *fill*         0x0000000010000022        0x2 
                0x0000000010000024                _ebss = .

.stack          0x0000000010000024      0x104 load address 0x0000000000001408
                0x0000000010000028                . = ALIGN (0x8)
 *fill*         0x0000000010000024        0x4 
 *(.stack .stack.*)
 .stack         0x0000000010000028      0x100 obj/startup.o
                0x0000000010000028                stack
                0x0000000000000001                ASSERT (((ORIGIN (rom) + LENGTH (rom)) >= (_etext + SIZEOF (.data))), region rom overflowed)
                0x0000000000000001                ASSERT ((LENGTH (ram) >= (ADDR (.stack) + SIZEOF (.stack))), region ram overflowed)
OUTPUT(bin/MiyakoLink_aux_fw.elf elf32-littlearm)
LOAD linker stubs

.comment        0x0000000000000000       0x59
 .comment       0x0000000000000000       0x59 obj/startup.o
                                         0x5a (size before relaxing)
 .comment       0x0000000000000059       0x5a obj/system.o
 .comment       0x0000000000000059       0x5a obj/main.o
 .comment       0x0000000000000059       0x5a obj/target.o
 .comment       0x0000000000000059       0x5a obj/bsp/clock_8xx.o
 .comment       0x0000000000000059       0x5a obj/bsp/irc_8xx.o
 .comment       0x0000000000000059       0x5a obj/bsp/syscon_8xx.o
 .comment       0x0000000000000059       0x5a /usr/lib/gcc/arm-none-eabi/9.2.1/libgcc.a(_udivmoddi4.o)

.ARM.attributes
                0x0000000000000000       0x31
 .ARM.attributes
                0x0000000000000000       0x2c obj/startup.o
 .ARM.attributes
                0x000000000000002c       0x2c obj/system.o
 .ARM.attributes
                0x0000000000000058       0x2c obj/main.o
 .ARM.attributes
                0x0000000000000084       0x2c obj/target.o
 .ARM.attributes
                0x00000000000000b0       0x2c obj/bsp/clock_8xx.o
 .ARM.attributes
                0x00000000000000dc       0x2c obj/bsp/irc_8xx.o
 .ARM.attributes
                0x0000000000000108       0x2c obj/bsp/syscon_8xx.o
 .ARM.attributes
                0x0000000000000134       0x1c /usr/lib/gcc/arm-none-eabi/9.2.1/libgcc.a(_udivsi3.o)
 .ARM.attributes
                0x0000000000000150       0x1c /usr/lib/gcc/arm-none-eabi/9.2.1/libgcc.a(_dvmd_tls.o)
 .ARM.attributes
                0x000000000000016c       0x1c /usr/lib/gcc/arm-none-eabi/9.2.1/libgcc.a(_aeabi_uldivmod.o)
 .ARM.attributes
                0x0000000000000188       0x2a /usr/lib/gcc/arm-none-eabi/9.2.1/libgcc.a(_udivmoddi4.o)
 .ARM.attributes
                0x00000000000001b2       0x1c /usr/lib/gcc/arm-none-eabi/9.2.1/libgcc.a(_clzdi2.o)
 .ARM.attributes
                0x00000000000001ce       0x1c /usr/lib/gcc/arm-none-eabi/9.2.1/libgcc.a(_clzsi2.o)

.debug_frame    0x0000000000000000       0x8c
 .debug_frame   0x0000000000000000       0x20 /usr/lib/gcc/arm-none-eabi/9.2.1/libgcc.a(_udivsi3.o)
 .debug_frame   0x0000000000000020       0x2c /usr/lib/gcc/arm-none-eabi/9.2.1/libgcc.a(_aeabi_uldivmod.o)
 .debug_frame   0x000000000000004c       0x40 /usr/lib/gcc/arm-none-eabi/9.2.1/libgcc.a(_udivmoddi4.o)

.debug_line     0x0000000000000000      0x3d4
 .debug_line    0x0000000000000000       0x74 /usr/lib/gcc/arm-none-eabi/9.2.1/libgcc.a(_udivsi3.o)
 .debug_line    0x0000000000000074       0x57 /usr/lib/gcc/arm-none-eabi/9.2.1/libgcc.a(_dvmd_tls.o)
 .debug_line    0x00000000000000cb       0x57 /usr/lib/gcc/arm-none-eabi/9.2.1/libgcc.a(_aeabi_uldivmod.o)
 .debug_line    0x0000000000000122      0x1ed /usr/lib/gcc/arm-none-eabi/9.2.1/libgcc.a(_udivmoddi4.o)
 .debug_line    0x000000000000030f       0x61 /usr/lib/gcc/arm-none-eabi/9.2.1/libgcc.a(_clzdi2.o)
 .debug_line    0x0000000000000370       0x64 /usr/lib/gcc/arm-none-eabi/9.2.1/libgcc.a(_clzsi2.o)

.debug_info     0x0000000000000000      0xaa7
 .debug_info    0x0000000000000000       0x26 /usr/lib/gcc/arm-none-eabi/9.2.1/libgcc.a(_udivsi3.o)
 .debug_info    0x0000000000000026       0x26 /usr/lib/gcc/arm-none-eabi/9.2.1/libgcc.a(_dvmd_tls.o)
 .debug_info    0x000000000000004c       0x26 /usr/lib/gcc/arm-none-eabi/9.2.1/libgcc.a(_aeabi_uldivmod.o)
 .debug_info    0x0000000000000072      0x9e9 /usr/lib/gcc/arm-none-eabi/9.2.1/libgcc.a(_udivmoddi4.o)
 .debug_info    0x0000000000000a5b       0x26 /usr/lib/gcc/arm-none-eabi/9.2.1/libgcc.a(_clzdi2.o)
 .debug_info    0x0000000000000a81       0x26 /usr/lib/gcc/arm-none-eabi/9.2.1/libgcc.a(_clzsi2.o)

.debug_abbrev   0x0000000000000000      0x1c6
 .debug_abbrev  0x0000000000000000       0x14 /usr/lib/gcc/arm-none-eabi/9.2.1/libgcc.a(_udivsi3.o)
 .debug_abbrev  0x0000000000000014       0x14 /usr/lib/gcc/arm-none-eabi/9.2.1/libgcc.a(_dvmd_tls.o)
 .debug_abbrev  0x0000000000000028       0x14 /usr/lib/gcc/arm-none-eabi/9.2.1/libgcc.a(_aeabi_uldivmod.o)
 .debug_abbrev  0x000000000000003c      0x162 /usr/lib/gcc/arm-none-eabi/9.2.1/libgcc.a(_udivmoddi4.o)
 .debug_abbrev  0x000000000000019e       0x14 /usr/lib/gcc/arm-none-eabi/9.2.1/libgcc.a(_clzdi2.o)
 .debug_abbrev  0x00000000000001b2       0x14 /usr/lib/gcc/arm-none-eabi/9.2.1/libgcc.a(_clzsi2.o)

.debug_aranges  0x0000000000000000       0xc0
 .debug_aranges
                0x0000000000000000       0x20 /usr/lib/gcc/arm-none-eabi/9.2.1/libgcc.a(_udivsi3.o)
 .debug_aranges
                0x0000000000000020       0x20 /usr/lib/gcc/arm-none-eabi/9.2.1/libgcc.a(_dvmd_tls.o)
 .debug_aranges
                0x0000000000000040       0x20 /usr/lib/gcc/arm-none-eabi/9.2.1/libgcc.a(_aeabi_uldivmod.o)
 .debug_aranges
                0x0000000000000060       0x20 /usr/lib/gcc/arm-none-eabi/9.2.1/libgcc.a(_udivmoddi4.o)
 .debug_aranges
                0x0000000000000080       0x20 /usr/lib/gcc/arm-none-eabi/9.2.1/libgcc.a(_clzdi2.o)
 .debug_aranges
                0x00000000000000a0       0x20 /usr/lib/gcc/arm-none-eabi/9.2.1/libgcc.a(_clzsi2.o)

.debug_str      0x0000000000000000     0x11b0
 .debug_str     0x0000000000000000       0x8a /usr/lib/gcc/arm-none-eabi/9.2.1/libgcc.a(_udivsi3.o)
 .debug_str     0x000000000000008a       0x8a /usr/lib/gcc/arm-none-eabi/9.2.1/libgcc.a(_dvmd_tls.o)
 .debug_str     0x000000000000008a       0x23 /usr/lib/gcc/arm-none-eabi/9.2.1/libgcc.a(_aeabi_uldivmod.o)
                                         0x86 (size before relaxing)
 .debug_str     0x00000000000000ad     0x1103 /usr/lib/gcc/arm-none-eabi/9.2.1/libgcc.a(_udivmoddi4.o)
                                       0x118a (size before relaxing)
 .debug_str     0x00000000000011b0       0x8a /usr/lib/gcc/arm-none-eabi/9.2.1/libgcc.a(_clzdi2.o)
 .debug_str     0x00000000000011b0       0x8a /usr/lib/gcc/arm-none-eabi/9.2.1/libgcc.a(_clzsi2.o)

.debug_loc      0x0000000000000000      0x1e2
 .debug_loc     0x0000000000000000      0x1e2 /usr/lib/gcc/arm-none-eabi/9.2.1/libgcc.a(_udivmoddi4.o)
